// Jest Snapshot v1, https://goo.gl/fbAQLP

exports[`describe segments-view segments view snapshot 1`] = `
<div
  class="servers-view app-view"
>
  <div
    class="view-control-bar"
  >
    <div
      class="control-label"
    >
      Historicals
    </div>
    <button
      class="bp3-button"
      type="button"
    >
      <span
        class="bp3-icon bp3-icon-refresh"
        icon="refresh"
      >
        <svg
          data-icon="refresh"
          height="16"
          viewBox="0 0 16 16"
          width="16"
        >
          <desc>
            refresh
          </desc>
          <path
            d="M14.99 6.99c-.55 0-1 .45-1 1 0 3.31-2.69 6-6 6-1.77 0-3.36-.78-4.46-2h1.46c.55 0 1-.45 1-1s-.45-1-1-1h-4c-.55 0-1 .45-1 1v4c0 .55.45 1 1 1s1-.45 1-1v-1.74a7.95 7.95 0 0 0 6 2.74c4.42 0 8-3.58 8-8 0-.55-.45-1-1-1zm0-7c-.55 0-1 .45-1 1v1.74a7.95 7.95 0 0 0-6-2.74c-4.42 0-8 3.58-8 8 0 .55.45 1 1 1s1-.45 1-1c0-3.31 2.69-6 6-6 1.77 0 3.36.78 4.46 2h-1.46c-.55 0-1 .45-1 1s.45 1 1 1h4c.55 0 1-.45 1-1v-4c0-.55-.45-1-1-1z"
            fill-rule="evenodd"
          />
        </svg>
      </span>
      <span
        class="bp3-button-text"
      >
        Refresh
      </span>
    </button>
    <button
      class="bp3-button"
      type="button"
    >
      <span
        class="bp3-icon bp3-icon-application"
        icon="application"
      >
        <svg
          data-icon="application"
          height="16"
          viewBox="0 0 16 16"
          width="16"
        >
          <desc>
            application
          </desc>
          <path
            d="M3.5 7h7c.28 0 .5-.22.5-.5s-.22-.5-.5-.5h-7c-.28 0-.5.22-.5.5s.22.5.5.5zM15 1H1c-.55 0-1 .45-1 1v12c0 .55.45 1 1 1h14c.55 0 1-.45 1-1V2c0-.55-.45-1-1-1zm-1 12H2V5h12v8zM3.5 9h4c.28 0 .5-.22.5-.5S7.78 8 7.5 8h-4c-.28 0-.5.22-.5.5s.22.5.5.5zm0 2h5c.28 0 .5-.22.5-.5s-.22-.5-.5-.5h-5c-.28 0-.5.22-.5.5s.22.5.5.5z"
            fill-rule="evenodd"
          />
        </svg>
      </span>
      <span
        class="bp3-button-text"
      >
        Go to SQL
      </span>
    </button>
    <label
      class="bp3-control bp3-switch"
    >
      <input
        type="checkbox"
      />
      <span
        class="bp3-control-indicator"
      />
      Group by tier
    </label>
    <span
      class="bp3-popover-wrapper table-column-selection"
    >
      <span
        class="bp3-popover-target"
      >
        <button
          class="bp3-button"
          type="button"
        >
          <span
            class="bp3-button-text"
          >
            Columns
          </span>
          <span
            class="bp3-icon bp3-icon-caret-down"
            icon="caret-down"
          >
            <svg
              data-icon="caret-down"
              height="16"
              viewBox="0 0 16 16"
              width="16"
            >
              <desc>
                caret-down
              </desc>
              <path
                d="M12 6.5c0-.28-.22-.5-.5-.5h-7a.495.495 0 0 0-.37.83l3.5 4c.09.1.22.17.37.17s.28-.07.37-.17l3.5-4c.08-.09.13-.2.13-.33z"
                fill-rule="evenodd"
              />
            </svg>
          </span>
        </button>
      </span>
    </span>
  </div>
  <div
    class="ReactTable -striped -highlight"
  >
    <div
      class="rt-table"
      role="grid"
    >
      <div
        class="rt-thead -header"
        style="min-width: 1300px;"
      >
        <div
          class="rt-tr"
          role="row"
        >
          <div
            class="rt-th rt-resizable-header -cursor-pointer"
            role="columnheader"
            style="flex: 300 0 auto; width: 300px; max-width: 300px;"
            tabindex="-1"
          >
            <div
              class="rt-resizable-header-content"
            >
              Server
            </div>
            <div
              class="rt-resizer"
            />
          </div>
          <div
            class="rt-th rt-resizable-header -cursor-pointer"
            role="columnheader"
            style="flex: 100 0 auto; width: 100px;"
            tabindex="-1"
          >
            <div
              class="rt-resizable-header-content"
            >
              Tier
            </div>
            <div
              class="rt-resizer"
            />
          </div>
          <div
            class="rt-th rt-resizable-header -cursor-pointer"
            role="columnheader"
            style="flex: 100 0 auto; width: 100px; max-width: 100px;"
            tabindex="-1"
          >
            <div
              class="rt-resizable-header-content"
            >
              Curr size
            </div>
            <div
              class="rt-resizer"
            />
          </div>
          <div
            class="rt-th rt-resizable-header -cursor-pointer"
            role="columnheader"
            style="flex: 100 0 auto; width: 100px; max-width: 100px;"
            tabindex="-1"
          >
            <div
              class="rt-resizable-header-content"
            >
              Max size
            </div>
            <div
              class="rt-resizer"
            />
          </div>
          <div
            class="rt-th rt-resizable-header -cursor-pointer"
            role="columnheader"
            style="flex: 100 0 auto; width: 100px; max-width: 100px;"
            tabindex="-1"
          >
            <div
              class="rt-resizable-header-content"
            >
              Usage
            </div>
            <div
              class="rt-resizer"
            />
          </div>
          <div
            class="rt-th rt-resizable-header -cursor-pointer"
            role="columnheader"
            style="flex: 400 0 auto; width: 400px; max-width: 400px;"
            tabindex="-1"
          >
            <div
              class="rt-resizable-header-content"
            >
              Load/drop queues
            </div>
            <div
              class="rt-resizer"
            />
          </div>
          <div
            class="rt-th rt-resizable-header -cursor-pointer"
            role="columnheader"
            style="flex: 100 0 auto; width: 100px;"
            tabindex="-1"
          >
            <div
              class="rt-resizable-header-content"
            >
              Host
            </div>
            <div
              class="rt-resizer"
            />
          </div>
          <div
            class="rt-th rt-resizable-header -cursor-pointer"
            role="columnheader"
            style="flex: 100 0 auto; width: 100px;"
            tabindex="-1"
          >
            <div
              class="rt-resizable-header-content"
            >
              Port
            </div>
            <div
              class="rt-resizer"
            />
          </div>
        </div>
      </div>
      <div
        class="rt-thead -filters"
        style="min-width: 1300px;"
      >
        <div
          class="rt-tr"
          role="row"
        >
          <div
            class="rt-th"
            role="columnheader"
            style="flex: 300 0 auto; width: 300px; max-width: 300px;"
            tabindex="-1"
          >
            <input
              style="width: 100%;"
              type="text"
              value=""
            />
          </div>
          <div
            class="rt-th"
            role="columnheader"
            style="flex: 100 0 auto; width: 100px;"
            tabindex="-1"
          >
            <input
              style="width: 100%;"
              type="text"
              value=""
            />
          </div>
          <div
            class="rt-th"
            role="columnheader"
            style="flex: 100 0 auto; width: 100px; max-width: 100px;"
            tabindex="-1"
          />
          <div
            class="rt-th"
            role="columnheader"
            style="flex: 100 0 auto; width: 100px; max-width: 100px;"
            tabindex="-1"
          />
          <div
            class="rt-th"
            role="columnheader"
            style="flex: 100 0 auto; width: 100px; max-width: 100px;"
            tabindex="-1"
          />
          <div
            class="rt-th"
            role="columnheader"
            style="flex: 400 0 auto; width: 400px; max-width: 400px;"
            tabindex="-1"
          />
          <div
            class="rt-th"
            role="columnheader"
            style="flex: 100 0 auto; width: 100px;"
            tabindex="-1"
          >
            <input
              style="width: 100%;"
              type="text"
              value=""
            />
          </div>
          <div
            class="rt-th"
            role="columnheader"
            style="flex: 100 0 auto; width: 100px;"
            tabindex="-1"
          >
            <input
              style="width: 100%;"
              type="text"
              value=""
            />
          </div>
        </div>
      </div>
      <div
        class="rt-tbody"
        style="min-width: 1300px;"
      >
        <div
          class="rt-tr-group"
          role="rowgroup"
        >
          <div
            class="rt-tr -padRow -odd"
            role="row"
          >
            <div
              class="rt-td"
              role="gridcell"
              style="flex: 300 0 auto; width: 300px; max-width: 300px;"
            >
              <span>
                 
              </span>
            </div>
            <div
              class="rt-td"
              role="gridcell"
              style="flex: 100 0 auto; width: 100px;"
            >
              <span>
                 
              </span>
            </div>
            <div
              class="rt-td"
              role="gridcell"
              style="flex: 100 0 auto; width: 100px; max-width: 100px;"
            >
              <span>
                 
              </span>
            </div>
            <div
              class="rt-td"
              role="gridcell"
              style="flex: 100 0 auto; width: 100px; max-width: 100px;"
            >
              <span>
                 
              </span>
            </div>
            <div
              class="rt-td"
              role="gridcell"
              style="flex: 100 0 auto; width: 100px; max-width: 100px;"
            >
              <span>
                 
              </span>
            </div>
            <div
              class="rt-td"
              role="gridcell"
              style="flex: 400 0 auto; width: 400px; max-width: 400px;"
            >
              <span>
                 
              </span>
            </div>
            <div
              class="rt-td"
              role="gridcell"
              style="flex: 100 0 auto; width: 100px;"
            >
              <span>
                 
              </span>
            </div>
            <div
              class="rt-td"
              role="gridcell"
              style="flex: 100 0 auto; width: 100px;"
            >
              <span>
                 
              </span>
            </div>
          </div>
        </div>
        <div
          class="rt-tr-group"
          role="rowgroup"
        >
          <div
            class="rt-tr -padRow -even"
            role="row"
          >
            <div
              class="rt-td"
              role="gridcell"
              style="flex: 300 0 auto; width: 300px; max-width: 300px;"
            >
              <span>
                 
              </span>
            </div>
            <div
              class="rt-td"
              role="gridcell"
              style="flex: 100 0 auto; width: 100px;"
            >
              <span>
                 
              </span>
            </div>
            <div
              class="rt-td"
              role="gridcell"
              style="flex: 100 0 auto; width: 100px; max-width: 100px;"
            >
              <span>
                 
              </span>
            </div>
            <div
              class="rt-td"
              role="gridcell"
              style="flex: 100 0 auto; width: 100px; max-width: 100px;"
            >
              <span>
                 
              </span>
            </div>
            <div
              class="rt-td"
              role="gridcell"
              style="flex: 100 0 auto; width: 100px; max-width: 100px;"
            >
              <span>
                 
              </span>
            </div>
            <div
              class="rt-td"
              role="gridcell"
              style="flex: 400 0 auto; width: 400px; max-width: 400px;"
            >
              <span>
                 
              </span>
            </div>
            <div
              class="rt-td"
              role="gridcell"
              style="flex: 100 0 auto; width: 100px;"
            >
              <span>
                 
              </span>
            </div>
            <div
              class="rt-td"
              role="gridcell"
              style="flex: 100 0 auto; width: 100px;"
            >
              <span>
                 
              </span>
            </div>
          </div>
        </div>
        <div
          class="rt-tr-group"
          role="rowgroup"
        >
          <div
            class="rt-tr -padRow -odd"
            role="row"
          >
            <div
              class="rt-td"
              role="gridcell"
              style="flex: 300 0 auto; width: 300px; max-width: 300px;"
            >
              <span>
                 
              </span>
            </div>
            <div
              class="rt-td"
              role="gridcell"
              style="flex: 100 0 auto; width: 100px;"
            >
              <span>
                 
              </span>
            </div>
            <div
              class="rt-td"
              role="gridcell"
              style="flex: 100 0 auto; width: 100px; max-width: 100px;"
            >
              <span>
                 
              </span>
            </div>
            <div
              class="rt-td"
              role="gridcell"
              style="flex: 100 0 auto; width: 100px; max-width: 100px;"
            >
              <span>
                 
              </span>
            </div>
            <div
              class="rt-td"
              role="gridcell"
              style="flex: 100 0 auto; width: 100px; max-width: 100px;"
            >
              <span>
                 
              </span>
            </div>
            <div
              class="rt-td"
              role="gridcell"
              style="flex: 400 0 auto; width: 400px; max-width: 400px;"
            >
              <span>
                 
              </span>
            </div>
            <div
              class="rt-td"
              role="gridcell"
              style="flex: 100 0 auto; width: 100px;"
            >
              <span>
                 
              </span>
            </div>
            <div
              class="rt-td"
              role="gridcell"
              style="flex: 100 0 auto; width: 100px;"
            >
              <span>
                 
              </span>
            </div>
          </div>
        </div>
        <div
          class="rt-tr-group"
          role="rowgroup"
        >
          <div
            class="rt-tr -padRow -even"
            role="row"
          >
            <div
              class="rt-td"
              role="gridcell"
              style="flex: 300 0 auto; width: 300px; max-width: 300px;"
            >
              <span>
                 
              </span>
            </div>
            <div
              class="rt-td"
              role="gridcell"
              style="flex: 100 0 auto; width: 100px;"
            >
              <span>
                 
              </span>
            </div>
            <div
              class="rt-td"
              role="gridcell"
              style="flex: 100 0 auto; width: 100px; max-width: 100px;"
            >
              <span>
                 
              </span>
            </div>
            <div
              class="rt-td"
              role="gridcell"
              style="flex: 100 0 auto; width: 100px; max-width: 100px;"
            >
              <span>
                 
              </span>
            </div>
            <div
              class="rt-td"
              role="gridcell"
              style="flex: 100 0 auto; width: 100px; max-width: 100px;"
            >
              <span>
                 
              </span>
            </div>
            <div
              class="rt-td"
              role="gridcell"
              style="flex: 400 0 auto; width: 400px; max-width: 400px;"
            >
              <span>
                 
              </span>
            </div>
            <div
              class="rt-td"
              role="gridcell"
              style="flex: 100 0 auto; width: 100px;"
            >
              <span>
                 
              </span>
            </div>
            <div
              class="rt-td"
              role="gridcell"
              style="flex: 100 0 auto; width: 100px;"
            >
              <span>
                 
              </span>
            </div>
          </div>
        </div>
        <div
          class="rt-tr-group"
          role="rowgroup"
        >
          <div
            class="rt-tr -padRow -odd"
            role="row"
          >
            <div
              class="rt-td"
              role="gridcell"
              style="flex: 300 0 auto; width: 300px; max-width: 300px;"
            >
              <span>
                 
              </span>
            </div>
            <div
              class="rt-td"
              role="gridcell"
              style="flex: 100 0 auto; width: 100px;"
            >
              <span>
                 
              </span>
            </div>
            <div
              class="rt-td"
              role="gridcell"
              style="flex: 100 0 auto; width: 100px; max-width: 100px;"
            >
              <span>
                 
              </span>
            </div>
            <div
              class="rt-td"
              role="gridcell"
              style="flex: 100 0 auto; width: 100px; max-width: 100px;"
            >
              <span>
                 
              </span>
            </div>
            <div
              class="rt-td"
              role="gridcell"
              style="flex: 100 0 auto; width: 100px; max-width: 100px;"
            >
              <span>
                 
              </span>
            </div>
            <div
              class="rt-td"
              role="gridcell"
              style="flex: 400 0 auto; width: 400px; max-width: 400px;"
            >
              <span>
                 
              </span>
            </div>
            <div
              class="rt-td"
              role="gridcell"
              style="flex: 100 0 auto; width: 100px;"
            >
              <span>
                 
              </span>
            </div>
            <div
              class="rt-td"
              role="gridcell"
              style="flex: 100 0 auto; width: 100px;"
            >
              <span>
                 
              </span>
            </div>
          </div>
        </div>
        <div
          class="rt-tr-group"
          role="rowgroup"
        >
          <div
            class="rt-tr -padRow -even"
            role="row"
          >
            <div
              class="rt-td"
              role="gridcell"
              style="flex: 300 0 auto; width: 300px; max-width: 300px;"
            >
              <span>
                 
              </span>
            </div>
            <div
              class="rt-td"
              role="gridcell"
              style="flex: 100 0 auto; width: 100px;"
            >
              <span>
                 
              </span>
            </div>
            <div
              class="rt-td"
              role="gridcell"
              style="flex: 100 0 auto; width: 100px; max-width: 100px;"
            >
              <span>
                 
              </span>
            </div>
            <div
              class="rt-td"
              role="gridcell"
              style="flex: 100 0 auto; width: 100px; max-width: 100px;"
            >
              <span>
                 
              </span>
            </div>
            <div
              class="rt-td"
              role="gridcell"
              style="flex: 100 0 auto; width: 100px; max-width: 100px;"
            >
              <span>
                 
              </span>
            </div>
            <div
              class="rt-td"
              role="gridcell"
              style="flex: 400 0 auto; width: 400px; max-width: 400px;"
            >
              <span>
                 
              </span>
            </div>
            <div
              class="rt-td"
              role="gridcell"
              style="flex: 100 0 auto; width: 100px;"
            >
              <span>
                 
              </span>
            </div>
            <div
              class="rt-td"
              role="gridcell"
              style="flex: 100 0 auto; width: 100px;"
            >
              <span>
                 
              </span>
            </div>
          </div>
        </div>
        <div
          class="rt-tr-group"
          role="rowgroup"
        >
          <div
            class="rt-tr -padRow -odd"
            role="row"
          >
            <div
              class="rt-td"
              role="gridcell"
              style="flex: 300 0 auto; width: 300px; max-width: 300px;"
            >
              <span>
                 
              </span>
            </div>
            <div
              class="rt-td"
              role="gridcell"
              style="flex: 100 0 auto; width: 100px;"
            >
              <span>
                 
              </span>
            </div>
            <div
              class="rt-td"
              role="gridcell"
              style="flex: 100 0 auto; width: 100px; max-width: 100px;"
            >
              <span>
                 
              </span>
            </div>
            <div
              class="rt-td"
              role="gridcell"
              style="flex: 100 0 auto; width: 100px; max-width: 100px;"
            >
              <span>
                 
              </span>
            </div>
            <div
              class="rt-td"
              role="gridcell"
              style="flex: 100 0 auto; width: 100px; max-width: 100px;"
            >
              <span>
                 
              </span>
            </div>
            <div
              class="rt-td"
              role="gridcell"
              style="flex: 400 0 auto; width: 400px; max-width: 400px;"
            >
              <span>
                 
              </span>
            </div>
            <div
              class="rt-td"
              role="gridcell"
              style="flex: 100 0 auto; width: 100px;"
            >
              <span>
                 
              </span>
            </div>
            <div
              class="rt-td"
              role="gridcell"
              style="flex: 100 0 auto; width: 100px;"
            >
              <span>
                 
              </span>
            </div>
          </div>
        </div>
        <div
          class="rt-tr-group"
          role="rowgroup"
        >
          <div
            class="rt-tr -padRow -even"
            role="row"
          >
            <div
              class="rt-td"
              role="gridcell"
              style="flex: 300 0 auto; width: 300px; max-width: 300px;"
            >
              <span>
                 
              </span>
            </div>
            <div
              class="rt-td"
              role="gridcell"
              style="flex: 100 0 auto; width: 100px;"
            >
              <span>
                 
              </span>
            </div>
            <div
              class="rt-td"
              role="gridcell"
              style="flex: 100 0 auto; width: 100px; max-width: 100px;"
            >
              <span>
                 
              </span>
            </div>
            <div
              class="rt-td"
              role="gridcell"
              style="flex: 100 0 auto; width: 100px; max-width: 100px;"
            >
              <span>
                 
              </span>
            </div>
            <div
              class="rt-td"
              role="gridcell"
              style="flex: 100 0 auto; width: 100px; max-width: 100px;"
            >
              <span>
                 
              </span>
            </div>
            <div
              class="rt-td"
              role="gridcell"
              style="flex: 400 0 auto; width: 400px; max-width: 400px;"
            >
              <span>
                 
              </span>
            </div>
            <div
              class="rt-td"
              role="gridcell"
              style="flex: 100 0 auto; width: 100px;"
            >
              <span>
                 
              </span>
            </div>
            <div
              class="rt-td"
              role="gridcell"
              style="flex: 100 0 auto; width: 100px;"
            >
              <span>
                 
              </span>
            </div>
          </div>
        </div>
        <div
          class="rt-tr-group"
          role="rowgroup"
        >
          <div
            class="rt-tr -padRow -odd"
            role="row"
          >
            <div
              class="rt-td"
              role="gridcell"
              style="flex: 300 0 auto; width: 300px; max-width: 300px;"
            >
              <span>
                 
              </span>
            </div>
            <div
              class="rt-td"
              role="gridcell"
              style="flex: 100 0 auto; width: 100px;"
            >
              <span>
                 
              </span>
            </div>
            <div
              class="rt-td"
              role="gridcell"
              style="flex: 100 0 auto; width: 100px; max-width: 100px;"
            >
              <span>
                 
              </span>
            </div>
            <div
              class="rt-td"
              role="gridcell"
              style="flex: 100 0 auto; width: 100px; max-width: 100px;"
            >
              <span>
                 
              </span>
            </div>
            <div
              class="rt-td"
              role="gridcell"
              style="flex: 100 0 auto; width: 100px; max-width: 100px;"
            >
              <span>
                 
              </span>
            </div>
            <div
              class="rt-td"
              role="gridcell"
              style="flex: 400 0 auto; width: 400px; max-width: 400px;"
            >
              <span>
                 
              </span>
            </div>
            <div
              class="rt-td"
              role="gridcell"
              style="flex: 100 0 auto; width: 100px;"
            >
              <span>
                 
              </span>
            </div>
            <div
              class="rt-td"
              role="gridcell"
              style="flex: 100 0 auto; width: 100px;"
            >
              <span>
                 
              </span>
            </div>
          </div>
        </div>
        <div
          class="rt-tr-group"
          role="rowgroup"
        >
          <div
            class="rt-tr -padRow -even"
            role="row"
          >
            <div
              class="rt-td"
              role="gridcell"
              style="flex: 300 0 auto; width: 300px; max-width: 300px;"
            >
              <span>
                 
              </span>
            </div>
            <div
              class="rt-td"
              role="gridcell"
              style="flex: 100 0 auto; width: 100px;"
            >
              <span>
                 
              </span>
            </div>
            <div
              class="rt-td"
              role="gridcell"
              style="flex: 100 0 auto; width: 100px; max-width: 100px;"
            >
              <span>
                 
              </span>
            </div>
            <div
              class="rt-td"
              role="gridcell"
              style="flex: 100 0 auto; width: 100px; max-width: 100px;"
            >
              <span>
                 
              </span>
            </div>
            <div
              class="rt-td"
              role="gridcell"
              style="flex: 100 0 auto; width: 100px; max-width: 100px;"
            >
              <span>
                 
              </span>
            </div>
            <div
              class="rt-td"
              role="gridcell"
              style="flex: 400 0 auto; width: 400px; max-width: 400px;"
            >
              <span>
                 
              </span>
            </div>
            <div
              class="rt-td"
              role="gridcell"
              style="flex: 100 0 auto; width: 100px;"
            >
              <span>
                 
              </span>
            </div>
            <div
              class="rt-td"
              role="gridcell"
              style="flex: 100 0 auto; width: 100px;"
            >
              <span>
                 
              </span>
            </div>
          </div>
        </div>
      </div>
    </div>
    <div
      class="pagination-bottom"
    >
      <div
        class="-pagination"
      >
        <div
          class="-previous"
        >
          <button
            class="-btn"
            disabled=""
            type="button"
          >
            Previous
          </button>
        </div>
        <div
          class="-center"
        >
          <span
            class="-pageInfo"
          >
            Page
             
            <div
              class="-pageJump"
            >
              <input
                type="number"
                value="1"
              />
            </div>
             
            of
             
            <span
              class="-totalPages"
            >
              1
            </span>
          </span>
          <span
            class="select-wrap -pageSizeOptions"
          >
            <select>
              <option
                value="5"
              >
                5 rows
              </option>
              <option
                value="10"
              >
                10 rows
              </option>
              <option
                value="20"
              >
                20 rows
              </option>
              <option
                value="25"
              >
                25 rows
              </option>
              <option
                value="50"
              >
                50 rows
              </option>
              <option
                value="100"
              >
                100 rows
              </option>
            </select>
          </span>
        </div>
        <div
          class="-next"
        >
          <button
            class="-btn"
            disabled=""
            type="button"
          >
            Next
          </button>
        </div>
      </div>
    </div>
    <div
      class="rt-noData"
    />
    <div
      class="-loading -active"
    >
      <div
        class="-loading-inner"
      >
        Loading...
      </div>
    </div>
  </div>
  <div
    class="control-separator"
  />
  <div
    class="view-control-bar"
  >
    <div
      class="control-label"
    >
      MiddleManagers
    </div>
    <button
      class="bp3-button"
      type="button"
    >
      <span
        class="bp3-icon bp3-icon-refresh"
        icon="refresh"
      >
        <svg
          data-icon="refresh"
          height="16"
          viewBox="0 0 16 16"
          width="16"
        >
          <desc>
            refresh
          </desc>
          <path
            d="M14.99 6.99c-.55 0-1 .45-1 1 0 3.31-2.69 6-6 6-1.77 0-3.36-.78-4.46-2h1.46c.55 0 1-.45 1-1s-.45-1-1-1h-4c-.55 0-1 .45-1 1v4c0 .55.45 1 1 1s1-.45 1-1v-1.74a7.95 7.95 0 0 0 6 2.74c4.42 0 8-3.58 8-8 0-.55-.45-1-1-1zm0-7c-.55 0-1 .45-1 1v1.74a7.95 7.95 0 0 0-6-2.74c-4.42 0-8 3.58-8 8 0 .55.45 1 1 1s1-.45 1-1c0-3.31 2.69-6 6-6 1.77 0 3.36.78 4.46 2h-1.46c-.55 0-1 .45-1 1s.45 1 1 1h4c.55 0 1-.45 1-1v-4c0-.55-.45-1-1-1z"
            fill-rule="evenodd"
          />
        </svg>
      </span>
      <span
        class="bp3-button-text"
      >
        Refresh
      </span>
    </button>
    <span
      class="bp3-popover-wrapper table-column-selection"
    >
      <span
        class="bp3-popover-target"
      >
        <button
          class="bp3-button"
          type="button"
        >
          <span
            class="bp3-button-text"
          >
            Columns
          </span>
          <span
            class="bp3-icon bp3-icon-caret-down"
            icon="caret-down"
          >
            <svg
              data-icon="caret-down"
              height="16"
              viewBox="0 0 16 16"
              width="16"
            >
              <desc>
                caret-down
              </desc>
              <path
                d="M12 6.5c0-.28-.22-.5-.5-.5h-7a.495.495 0 0 0-.37.83l3.5 4c.09.1.22.17.37.17s.28-.07.37-.17l3.5-4c.08-.09.13-.2.13-.33z"
                fill-rule="evenodd"
              />
            </svg>
          </span>
        </button>
      </span>
    </span>
  </div>
  <div
    class="ReactTable -striped -highlight"
  >
    <div
      class="rt-table"
      role="grid"
    >
      <div
        class="rt-thead -header"
        style="min-width: 455px;"
      >
        <div
          class="rt-tr"
          role="row"
        >
          <div
            class="rt-th"
            role="columnheader"
            style="flex: 35 0 auto; width: 35px; max-width: 35px;"
            tabindex="-1"
          >
            <div
              class=""
            />
          </div>
          <div
            class="rt-th rt-resizable-header -cursor-pointer"
            role="columnheader"
            style="flex: 100 0 auto; width: 100px;"
            tabindex="-1"
          >
            <div
              class="rt-resizable-header-content"
            >
              Host
            </div>
            <div
              class="rt-resizer"
            />
          </div>
          <div
            class="rt-th rt-resizable-header -cursor-pointer"
            role="columnheader"
            style="flex: 60 0 auto; width: 60px; max-width: 60px;"
            tabindex="-1"
          >
            <div
              class="rt-resizable-header-content"
            >
              Usage
            </div>
            <div
              class="rt-resizer"
            />
          </div>
          <div
            class="rt-th rt-resizable-header -cursor-pointer"
            role="columnheader"
            style="flex: 60 0 auto; width: 60px; max-width: 60px;"
            tabindex="-1"
          >
            <div
              class="rt-resizable-header-content"
            >
              Availability groups
            </div>
            <div
              class="rt-resizer"
            />
          </div>
          <div
            class="rt-th rt-resizable-header -cursor-pointer"
            role="columnheader"
            style="flex: 100 0 auto; width: 100px;"
            tabindex="-1"
          >
            <div
              class="rt-resizable-header-content"
            >
              Last completed task time
            </div>
            <div
              class="rt-resizer"
            />
          </div>
          <div
            class="rt-th rt-resizable-header -cursor-pointer"
            role="columnheader"
            style="flex: 100 0 auto; width: 100px;"
            tabindex="-1"
          >
            <div
              class="rt-resizable-header-content"
            >
              Blacklisted until
            </div>
            <div
              class="rt-resizer"
            />
          </div>
        </div>
      </div>
      <div
        class="rt-thead -filters"
        style="min-width: 455px;"
      >
        <div
          class="rt-tr"
          role="row"
        >
          <div
            class="rt-th"
            role="columnheader"
            style="flex: 35 0 auto; width: 35px; max-width: 35px;"
            tabindex="-1"
          />
          <div
            class="rt-th"
            role="columnheader"
            style="flex: 100 0 auto; width: 100px;"
            tabindex="-1"
          >
            <input
              style="width: 100%;"
              type="text"
              value="test"
            />
          </div>
          <div
            class="rt-th"
            role="columnheader"
            style="flex: 60 0 auto; width: 60px; max-width: 60px;"
            tabindex="-1"
          />
          <div
            class="rt-th"
            role="columnheader"
            style="flex: 60 0 auto; width: 60px; max-width: 60px;"
            tabindex="-1"
          />
          <div
            class="rt-th"
            role="columnheader"
            style="flex: 100 0 auto; width: 100px;"
            tabindex="-1"
          >
            <input
              style="width: 100%;"
              type="text"
              value=""
            />
          </div>
          <div
            class="rt-th"
            role="columnheader"
            style="flex: 100 0 auto; width: 100px;"
            tabindex="-1"
          >
            <input
              style="width: 100%;"
              type="text"
              value=""
            />
          </div>
        </div>
      </div>
      <div
        class="rt-tbody"
        style="min-width: 455px;"
      >
        <div
          class="rt-tr-group"
          role="rowgroup"
        >
          <div
            class="rt-tr -padRow -odd"
            role="row"
          >
            <div
              class="rt-td"
              role="gridcell"
              style="flex: 35 0 auto; width: 35px; max-width: 35px;"
            >
              <span>
                 
              </span>
            </div>
            <div
              class="rt-td"
              role="gridcell"
              style="flex: 100 0 auto; width: 100px;"
            >
              <span>
                 
              </span>
            </div>
            <div
              class="rt-td"
              role="gridcell"
              style="flex: 60 0 auto; width: 60px; max-width: 60px;"
            >
              <span>
                 
              </span>
            </div>
            <div
              class="rt-td"
              role="gridcell"
              style="flex: 60 0 auto; width: 60px; max-width: 60px;"
            >
              <span>
                 
              </span>
            </div>
            <div
              class="rt-td"
              role="gridcell"
              style="flex: 100 0 auto; width: 100px;"
            >
              <span>
                 
              </span>
            </div>
            <div
              class="rt-td"
              role="gridcell"
              style="flex: 100 0 auto; width: 100px;"
            >
              <span>
                 
              </span>
            </div>
          </div>
        </div>
        <div
          class="rt-tr-group"
          role="rowgroup"
        >
          <div
            class="rt-tr -padRow -even"
            role="row"
          >
            <div
              class="rt-td"
              role="gridcell"
              style="flex: 35 0 auto; width: 35px; max-width: 35px;"
            >
              <span>
                 
              </span>
            </div>
            <div
              class="rt-td"
              role="gridcell"
              style="flex: 100 0 auto; width: 100px;"
            >
              <span>
                 
              </span>
            </div>
            <div
              class="rt-td"
              role="gridcell"
              style="flex: 60 0 auto; width: 60px; max-width: 60px;"
            >
              <span>
                 
              </span>
            </div>
            <div
              class="rt-td"
              role="gridcell"
              style="flex: 60 0 auto; width: 60px; max-width: 60px;"
            >
              <span>
                 
              </span>
            </div>
            <div
              class="rt-td"
              role="gridcell"
              style="flex: 100 0 auto; width: 100px;"
            >
              <span>
                 
              </span>
            </div>
            <div
              class="rt-td"
              role="gridcell"
              style="flex: 100 0 auto; width: 100px;"
            >
              <span>
                 
              </span>
            </div>
          </div>
        </div>
        <div
          class="rt-tr-group"
          role="rowgroup"
        >
          <div
            class="rt-tr -padRow -odd"
            role="row"
          >
            <div
              class="rt-td"
              role="gridcell"
              style="flex: 35 0 auto; width: 35px; max-width: 35px;"
            >
              <span>
                 
              </span>
            </div>
            <div
              class="rt-td"
              role="gridcell"
              style="flex: 100 0 auto; width: 100px;"
            >
              <span>
                 
              </span>
            </div>
            <div
              class="rt-td"
              role="gridcell"
              style="flex: 60 0 auto; width: 60px; max-width: 60px;"
            >
              <span>
                 
              </span>
            </div>
            <div
              class="rt-td"
              role="gridcell"
              style="flex: 60 0 auto; width: 60px; max-width: 60px;"
            >
              <span>
                 
              </span>
            </div>
            <div
              class="rt-td"
              role="gridcell"
              style="flex: 100 0 auto; width: 100px;"
            >
              <span>
                 
              </span>
            </div>
            <div
              class="rt-td"
              role="gridcell"
              style="flex: 100 0 auto; width: 100px;"
            >
              <span>
                 
              </span>
            </div>
          </div>
        </div>
        <div
          class="rt-tr-group"
          role="rowgroup"
        >
          <div
            class="rt-tr -padRow -even"
            role="row"
          >
            <div
              class="rt-td"
              role="gridcell"
              style="flex: 35 0 auto; width: 35px; max-width: 35px;"
            >
              <span>
                 
              </span>
            </div>
            <div
              class="rt-td"
              role="gridcell"
              style="flex: 100 0 auto; width: 100px;"
            >
              <span>
                 
              </span>
            </div>
            <div
              class="rt-td"
              role="gridcell"
              style="flex: 60 0 auto; width: 60px; max-width: 60px;"
            >
              <span>
                 
              </span>
            </div>
            <div
              class="rt-td"
              role="gridcell"
              style="flex: 60 0 auto; width: 60px; max-width: 60px;"
            >
              <span>
                 
              </span>
            </div>
            <div
              class="rt-td"
              role="gridcell"
              style="flex: 100 0 auto; width: 100px;"
            >
              <span>
                 
              </span>
            </div>
            <div
              class="rt-td"
              role="gridcell"
              style="flex: 100 0 auto; width: 100px;"
            >
              <span>
                 
              </span>
            </div>
          </div>
        </div>
        <div
          class="rt-tr-group"
          role="rowgroup"
        >
          <div
            class="rt-tr -padRow -odd"
            role="row"
          >
            <div
              class="rt-td"
              role="gridcell"
              style="flex: 35 0 auto; width: 35px; max-width: 35px;"
            >
              <span>
                 
              </span>
            </div>
            <div
              class="rt-td"
              role="gridcell"
              style="flex: 100 0 auto; width: 100px;"
            >
              <span>
                 
              </span>
            </div>
            <div
              class="rt-td"
              role="gridcell"
              style="flex: 60 0 auto; width: 60px; max-width: 60px;"
            >
              <span>
                 
              </span>
            </div>
            <div
              class="rt-td"
              role="gridcell"
              style="flex: 60 0 auto; width: 60px; max-width: 60px;"
            >
              <span>
                 
              </span>
            </div>
            <div
              class="rt-td"
              role="gridcell"
              style="flex: 100 0 auto; width: 100px;"
            >
              <span>
                 
              </span>
            </div>
            <div
              class="rt-td"
              role="gridcell"
              style="flex: 100 0 auto; width: 100px;"
            >
              <span>
                 
              </span>
            </div>
          </div>
        </div>
        <div
          class="rt-tr-group"
          role="rowgroup"
        >
          <div
            class="rt-tr -padRow -even"
            role="row"
          >
            <div
              class="rt-td"
              role="gridcell"
              style="flex: 35 0 auto; width: 35px; max-width: 35px;"
            >
              <span>
                 
              </span>
            </div>
            <div
              class="rt-td"
              role="gridcell"
              style="flex: 100 0 auto; width: 100px;"
            >
              <span>
                 
              </span>
            </div>
            <div
              class="rt-td"
              role="gridcell"
              style="flex: 60 0 auto; width: 60px; max-width: 60px;"
            >
              <span>
                 
              </span>
            </div>
            <div
              class="rt-td"
              role="gridcell"
              style="flex: 60 0 auto; width: 60px; max-width: 60px;"
            >
              <span>
                 
              </span>
            </div>
            <div
              class="rt-td"
              role="gridcell"
              style="flex: 100 0 auto; width: 100px;"
            >
              <span>
                 
              </span>
            </div>
            <div
              class="rt-td"
              role="gridcell"
              style="flex: 100 0 auto; width: 100px;"
            >
              <span>
                 
              </span>
            </div>
          </div>
        </div>
        <div
          class="rt-tr-group"
          role="rowgroup"
        >
          <div
            class="rt-tr -padRow -odd"
            role="row"
          >
            <div
              class="rt-td"
              role="gridcell"
              style="flex: 35 0 auto; width: 35px; max-width: 35px;"
            >
              <span>
                 
              </span>
            </div>
            <div
              class="rt-td"
              role="gridcell"
              style="flex: 100 0 auto; width: 100px;"
            >
              <span>
                 
              </span>
            </div>
            <div
              class="rt-td"
              role="gridcell"
              style="flex: 60 0 auto; width: 60px; max-width: 60px;"
            >
              <span>
                 
              </span>
            </div>
            <div
              class="rt-td"
              role="gridcell"
              style="flex: 60 0 auto; width: 60px; max-width: 60px;"
            >
              <span>
                 
              </span>
            </div>
            <div
              class="rt-td"
              role="gridcell"
              style="flex: 100 0 auto; width: 100px;"
            >
              <span>
                 
              </span>
            </div>
            <div
              class="rt-td"
              role="gridcell"
              style="flex: 100 0 auto; width: 100px;"
            >
              <span>
                 
              </span>
            </div>
          </div>
        </div>
        <div
          class="rt-tr-group"
          role="rowgroup"
        >
          <div
            class="rt-tr -padRow -even"
            role="row"
          >
            <div
              class="rt-td"
              role="gridcell"
              style="flex: 35 0 auto; width: 35px; max-width: 35px;"
            >
              <span>
                 
              </span>
            </div>
            <div
              class="rt-td"
              role="gridcell"
              style="flex: 100 0 auto; width: 100px;"
            >
              <span>
                 
              </span>
            </div>
            <div
              class="rt-td"
              role="gridcell"
              style="flex: 60 0 auto; width: 60px; max-width: 60px;"
            >
              <span>
                 
              </span>
            </div>
            <div
              class="rt-td"
              role="gridcell"
              style="flex: 60 0 auto; width: 60px; max-width: 60px;"
            >
              <span>
                 
              </span>
            </div>
            <div
              class="rt-td"
              role="gridcell"
              style="flex: 100 0 auto; width: 100px;"
            >
              <span>
                 
              </span>
            </div>
            <div
              class="rt-td"
              role="gridcell"
              style="flex: 100 0 auto; width: 100px;"
            >
              <span>
                 
              </span>
            </div>
          </div>
        </div>
        <div
          class="rt-tr-group"
          role="rowgroup"
        >
          <div
            class="rt-tr -padRow -odd"
            role="row"
          >
            <div
              class="rt-td"
              role="gridcell"
              style="flex: 35 0 auto; width: 35px; max-width: 35px;"
            >
              <span>
                 
              </span>
            </div>
            <div
              class="rt-td"
              role="gridcell"
              style="flex: 100 0 auto; width: 100px;"
            >
              <span>
                 
              </span>
            </div>
            <div
              class="rt-td"
              role="gridcell"
              style="flex: 60 0 auto; width: 60px; max-width: 60px;"
            >
              <span>
                 
              </span>
            </div>
            <div
              class="rt-td"
              role="gridcell"
              style="flex: 60 0 auto; width: 60px; max-width: 60px;"
            >
              <span>
                 
              </span>
            </div>
            <div
              class="rt-td"
              role="gridcell"
              style="flex: 100 0 auto; width: 100px;"
            >
              <span>
                 
              </span>
            </div>
            <div
              class="rt-td"
              role="gridcell"
              style="flex: 100 0 auto; width: 100px;"
            >
              <span>
                 
              </span>
            </div>
          </div>
        </div>
        <div
          class="rt-tr-group"
          role="rowgroup"
        >
          <div
            class="rt-tr -padRow -even"
            role="row"
          >
            <div
              class="rt-td"
              role="gridcell"
              style="flex: 35 0 auto; width: 35px; max-width: 35px;"
            >
              <span>
                 
              </span>
            </div>
            <div
              class="rt-td"
              role="gridcell"
              style="flex: 100 0 auto; width: 100px;"
            >
              <span>
                 
              </span>
            </div>
            <div
              class="rt-td"
              role="gridcell"
              style="flex: 60 0 auto; width: 60px; max-width: 60px;"
            >
              <span>
                 
              </span>
            </div>
            <div
              class="rt-td"
              role="gridcell"
              style="flex: 60 0 auto; width: 60px; max-width: 60px;"
            >
              <span>
                 
              </span>
            </div>
            <div
              class="rt-td"
              role="gridcell"
              style="flex: 100 0 auto; width: 100px;"
            >
              <span>
                 
              </span>
            </div>
            <div
              class="rt-td"
              role="gridcell"
              style="flex: 100 0 auto; width: 100px;"
            >
              <span>
                 
              </span>
            </div>
          </div>
        </div>
      </div>
    </div>
    <div
      class="pagination-bottom"
    >
      <div
        class="-pagination"
      >
        <div
          class="-previous"
        >
          <button
            class="-btn"
            disabled=""
            type="button"
          >
            Previous
          </button>
        </div>
        <div
          class="-center"
        >
          <span
            class="-pageInfo"
          >
            Page
             
            <div
              class="-pageJump"
            >
              <input
                type="number"
                value="1"
              />
            </div>
             
            of
             
            <span
              class="-totalPages"
            >
              1
            </span>
          </span>
          <span
            class="select-wrap -pageSizeOptions"
          >
            <select>
              <option
                value="5"
              >
                5 rows
              </option>
              <option
                value="10"
              >
                10 rows
              </option>
              <option
                value="20"
              >
                20 rows
              </option>
              <option
                value="25"
              >
                25 rows
              </option>
              <option
                value="50"
              >
                50 rows
              </option>
              <option
                value="100"
              >
                100 rows
              </option>
            </select>
          </span>
        </div>
        <div
          class="-next"
        >
          <button
            class="-btn"
            disabled=""
            type="button"
          >
            Next
          </button>
        </div>
      </div>
    </div>
    <div
      class="rt-noData"
    />
    <div
      class="-loading -active"
    >
      <div
        class="-loading-inner"
      >
        Loading...
      </div>
    </div>
  </div>
</div>
`;
